// Jest Snapshot v1, https://goo.gl/fbAQLP

exports[`Should render ExpenseListItem component with expense data provided 1`] = `
<div
  className="expenses__list-item"
>
  <h3>
    <Link
      replace={false}
      to="/edit/1"
    >
      Gum
    </Link>
  </h3>
  <p>
    Just simple note
  </p>
  <p>
    $5.00
     -  
    01.01.1970
  </p>
  <hr />
  <button
    onClick={[Function]}
    type="button"
  >
    Remove
  </button>
</div>
`;
